// Jest Snapshot v1, https://goo.gl/fbAQLP

exports[`Icon should render correctly 1`] = `
<img
  alt="icon-enter"
  height={24}
  src="/static/enter.svg"
  width={24}
/>
`;
