// Jest Snapshot v1, https://goo.gl/fbAQLP

exports[`Input should render correctly 1`] = `
<form
  className="jsx-2110388131"
  onSubmit={[Function]}
>
  <label
    className="jsx-2110388131"
    htmlFor="boxesInput"
  >
    My input
  </label>
  <input
    className="jsx-2110388131"
    id="boxesInput"
    name="input"
    onChange={[Function]}
    placeholder="Saisissez vos objets"
    type="number"
    value=""
  />
  <button
    className="jsx-2110388131"
    disabled={false}
    type="submit"
  >
    <Icon
      className="button"
      height={24}
      name="enter"
      width={24}
    />
  </button>
  <JSXStyle
    css="form.jsx-2110388131{display:-webkit-box;display:-webkit-flex;display:-ms-flexbox;display:flex;-webkit-flex:none;-ms-flex:none;flex:none;-webkit-box-pack:justify;-webkit-justify-content:space-between;-ms-flex-pack:justify;justify-content:space-between;background-color:#6c727f;}input.jsx-2110388131{width:calc(100% - 50px);font-size:0.9rem;margin:0 0.5rem;-webkit-appearance:none;-moz-appearance:textfield;-webkit-appearance:none;-moz-appearance:none;appearance:none;border:0;background-color:transparent;color:white;}input.jsx-2110388131::-webkit-input-placeholder{color:currentColor;}input.jsx-2110388131::-moz-placeholder{color:currentColor;}input.jsx-2110388131:-ms-input-placeholder{color:currentColor;}input.jsx-2110388131::placeholder{color:currentColor;}button.jsx-2110388131{padding:0 20px;background:none;border:none;border-radius:0;}button.jsx-2110388131:not([disabled]){background-color:#34b7b6;}label.jsx-2110388131{display:-webkit-box;display:-webkit-flex;display:-ms-flexbox;display:flex;background-color:#565b68;margin:0;padding:1rem;-webkit-align-items:center;-webkit-box-align:center;-ms-flex-align:center;align-items:center;-webkit-box-pack:center;-webkit-justify-content:center;-ms-flex-pack:center;justify-content:center;}"
    styleId="2110388131"
  />
</form>
`;
